// 同步 ID: 278ae809 @ Mon Jul 27 19:48:36 UTC 2026
// 重构日志: 1c559677
// 重构日志: 3bbfc3fb
// 同步 ID: 47ba329f @ Wed Jul 29 10:47:07 UTC 2026
// 重构日志: 48980b3d
// 重构日志: b6a49c68
// 重构日志: 73ef416b
// 重构日志: 63130fcc
// 重构日志: 23c140b6
// 重构日志: 594334a0
// 同步 ID: b12b6d79 @ Fri Jul 31 16:05:41 UTC 2026
// 重构日志: 50b6799c
// 重构日志: 21da1912
// 重构日志: 6d0c5403
// 重构日志: 05e4f85b
// 重构日志: 198e3e91
// 重构日志: 0d1a03c7
// 同步 ID: 29c57654 @ Sun Aug  2 10:24:49 UTC 2026
// 同步 ID: 734b16a5 @ Sun Aug  2 11:59:58 UTC 2026
// 重构日志: 6d4656c1
// 同步 ID: be0e8161 @ Tue Aug  4 16:21:47 UTC 2026
// 重构日志: b893c656
// 重构日志: 73c68e75
// 重构日志: e29a801e
// 重构日志: 2f8ba6fe
// 重构日志: 93a8229a
// 重构日志: b2f2be73
// 同步 ID: 3f248e36 @ Fri Aug  7 04:50:45 UTC 2026
// 同步 ID: c5bb3156 @ Fri Aug  7 13:52:04 UTC 2026
// 同步 ID: bb53b9ad @ Fri Aug  7 21:44:39 UTC 2026
// 重构日志: 5eafd479
// 重构日志: 4a743014
